DATA,0,0,0,0,0,0.00000,0,0,6445056,0
DATA,0,0,0,0,0,0.00000,0,0,6452224,0
DATA,0,0,0,0,0,0.00000,0,0,6459392,0
DATA,0,0,0,0,0,0.00000,0,0,6466816,0
DATA,0,0,0,0,0,0.00000,0,0,6474240,0
DATA,0,0,0,0,0,0.00000,0,0,6481408,0
RESULT failures=0 reads=6535680 errors=0 stale=1057 uninitialized=6494222 pio0_free=1 pio1_free=1
DATA,0,0,301,0,0,-0.00000,0,0,6535680,0
DATA,0,0,301,0,0,-0.00000,0,0,6542848,0
DATA,0,0,301,0,0,-0.00000,0,0,6550016,0
DATA,0,0,301,0,0,-0.00000,0,0,6557440,0
DATA,0,0,301,0,0,-0.00000,0,0,6564864,0
DATA,0,0,301,0,0,-0.00000,0,0,6572032,0
DATA,0,0,301,0,0,-0.00000,0,0,6579456,0
DATA,0,0,301,0,0,-0.00000,0,0,6586880,0
DATA,0,0,301,0,0,-0.00000,0,0,6594048,0
DATA,0,0,301,0,0,-0.00000,0,0,6601472,0
DATA,0,0,301,0,0,-0.00000,0,0,6608896,0
DATA,0,0,301,0,0,-0.00000,0,0,6616064,0
DATA,0,0,301,0,0,-0.00000,0,0,6623488,0
DATA,0,0,301,0,0,-0.00000,0,0,6630912,0
DATA,0,0,301,0,0,-0.00000,0,0,6638080,0
DATA,0,0,301,0,0,-0.00000,0,0,6645504,0
DATA,0,0,301,0,0,-0.00000,0,0,6652928,0
DATA,0,0,301,0,0,-0.00000,0,0,6660096,0
DATA,0,0,301,0,0,-0.00000,0,0,6667520,0
DATA,0,0,301,0,0,-0.00000,0,0,6674944,0
DATA,0,0,301,0,0,-0.00000,0,0,6682112,0
DATA,0,0,301,0,0,-0.00000,0,0,6689536,0
DATA,0,0,301,0,0,-0.00000,0,0,6696960,0
DATA,0,0,301,0,0,-0.00000,0,0,6704128,0
DATA,0,0,301,0,0,-0.00000,0,0,6711552,0
DATA,0,0,301,0,0,-0.00000,0,0,6718976,0
DATA,0,0,301,0,0,-0.00000,0,0,6726144,0
DATA,0,0,301,0,0,-0.00000,0,0,6733568,0
DATA,0,0,301,0,0,-0.00000,0,0,6740992,0
DATA,0,0,301,0,0,-0.00000,0,0,6748160,0
DATA,0,0,301,0,0,-0.00000,0,0,6755584,0
DATA,0,0,301,0,0,-0.00000,0,0,6762752,0
DATA,0,0,301,0,0,-0.00000,0,0,6770176,0
DATA,0,0,301,0,0,-0.00000,0,0,6777600,0
DATA,0,0,301,0,0,-0.00000,0,0,6784768,0
DATA,0,0,301,0,0,-0.00000,0,0,6792192,0
DATA,0,0,301,0,0,-0.00000,0,0,6799616,0
DATA,0,0,301,0,0,-0.00000,0,0,6806784,0
DATA,0,0,301,0,0,-0.00000,0,0,6814208,0
DATA,0,0,301,0,0,-0.00000,0,0,6821632,0
DATA,0,0,301,0,0,-0.00000,0,0,6828800,0
DATA,0,0,301,0,0,-0.00000,0,0,6836224,0
DATA,0,0,301,0,0,-0.00000,0,0,6843648,0
DATA,0,0,301,0,0,-0.00000,0,0,6850816,0
DATA,0,0,301,0,0,-0.00000,0,0,6858240,0
DATA,0,0,301,0,0,-0.00000,0,0,6865664,0
DATA,0,0,301,0,0,-0.00000,0,0,6872832,0
DATA,0,0,301,0,0,-0.00000,0,0,6880256,0
DATA,0,0,301,0,0,-0.00000,0,0,6887680,0
DATA,0,0,301,0,0,-0.00000,0,0,6894848,0
DATA,0,0,301,0,0,-0.00000,0,0,6902272,0
DATA,0,0,301,0,0,-0.00000,0,0,6909696,0
DATA,0,0,301,0,0,-0.00000,0,0,6916864,0
DATA,0,0,301,0,0,-0.00000,0,0,6924288,0
DATA,0,0,301,0,0,-0.00000,0,0,6931712,0
DATA,0,0,301,0,0,-0.00000,0,0,6938880,0
DATA,0,0,301,0,0,-0.00000,0,0,6946304,0
DATA,0,0,301,0,0,-0.00000,0,0,6953728,0
DATA,0,0,301,0,0,-0.00000,0,0,6960896,0
DATA,0,0,301,0,0,-0.00000,0,0,6968320,0
DATA,0,0,301,0,0,-0.00000,0,0,6975744,0
DATA,0,0,301,0,0,-0.00000,0,0,6982912,0
DATA,0,0,301,0,0,-0.00000,0,0,6990336,0
DATA,0,0,301,0,0,-0.00000,0,0,6997760,0
DATA,0,0,301,0,0,-0.00000,0,0,7004928,0
DATA,0,0,301,0,0,-0.00000,0,0,7012352,0
DATA,0,0,301,0,0,-0.00000,0,0,7019776,0
DATA,0,0,301,0,0,-0.00000,0,0,7026944,0
DATA,0,0,301,0,0,-0.00000,0,0,7034368,0
DATA,0,0,301,0,0,-0.00000,0,0,7041792,0
DATA,0,0,301,0,0,-0.00000,0,0,7048960,0
DATA,0,0,301,0,0,-0.00000,0,0,7056384,0
DATA,0,0,301,0,0,-0.00000,0,0,7063808,0
DATA,0,0,301,0,0,-0.00000,0,0,7070976,0
DATA,0,0,301,0,0,-0.00000,0,0,7078400,0
DATA,0,0,301,0,0,-0.00000,0,0,7085824,0
DATA,0,0,301,0,0,-0.00000,0,0,7092992,0
DATA,0,0,301,0,0,-0.00000,0,0,7100416,0
DATA,0,0,301,0,0,-0.00000,0,0,7107840,0
DATA,0,0,301,0,0,-0.00000,0,0,7115008,0
DATA,0,0,301,0,0,-0.00000,0,0,7122432,0
DATA,0,0,301,0,0,-0.00000,0,0,7129600,0
DATA,0,0,301,0,0,-0.00000,0,0,7137024,0
DATA,0,0,301,0,0,-0.00000,0,0,7144448,0
DATA,0,0,301,0,0,-0.00000,0,0,7151616,0
DATA,0,0,301,0,0,-0.00000,0,0,7159040,0
DATA,0,0,301,0,0,-0.00000,0,0,7166464,0
DATA,0,0,301,0,0,-0.00000,0,0,7173632,0
DATA,0,0,301,0,0,-0.00000,0,0,7181056,0
DATA,0,0,301,0,0,-0.00000,0,0,7188480,0
DATA,0,0,301,0,0,-0.00000,0,0,7195648,0
DATA,0,0,301,0,0,-0.00000,0,0,7203072,0
DATA,0,0,301,0,0,-0.00000,0,0,7210496,0
DATA,0,0,301,0,0,-0.00000,0,0,7217664,0
DATA,0,0,301,0,0,-0.00000,0,0,7225088,0
DATA,0,0,301,0,0,-0.00000,0,0,7232512,0
DATA,0,0,301,0,0,-0.00000,0,0,7239680,0
DATA,0,0,301,0,0,-0.00000,0,0,7247104,0
DATA,0,0,301,0,0,-0.00000,0,0,7254528,0
DATA,0,0,301,0,0,-0.00000,0,0,7261696,0
DATA,0,0,301,0,0,-0.00000,0,0,7269120,0
DATA,0,0,301,0,0,-0.00000,0,0,7276544,0
DATA,0,0,301,0,0,-0.00000,0,0,7283712,0
DATA,0,0,301,0,0,-0.00000,0,0,7291136,0
DATA,0,0,301,0,0,-0.00000,0,0,7298560,0
DATA,0,0,301,0,0,-0.00000,0,0,7305728,0
DATA,0,0,301,0,0,-0.00000,0,0,7313152,0
DATA,0,0,301,0,0,-0.00000,0,0,7320576,0
DATA,0,0,301,0,0,-0.00000,0,0,7327744,0
DATA,0,0,301,0,0,-0.00000,0,0,7335168,0
DATA,0,0,301,0,0,-0.00000,0,0,7342592,0
DATA,0,0,301,0,0,-0.00000,0,0,7349760,0
DATA,0,0,301,0,0,-0.00000,0,0,7357184,0
DATA,0,0,301,0,0,-0.00000,0,0,7364608,0
DATA,0,0,301,0,0,-0.00000,0,0,7371776,0
DATA,0,0,301,0,0,-0.00000,0,0,7379200,0
DATA,0,0,301,0,0,-0.00000,0,0,7386624,0
DATA,0,0,301,0,0,-0.00000,0,0,7393792,0
DATA,0,0,301,0,0,-0.00000,0,0,7401216,0
DATA,0,0,301,0,0,-0.00000,0,0,7408640,0
DATA,0,0,301,0,0,-0.00000,0,0,7415808,0
DATA,0,0,301,0,0,-0.00000,0,0,7423232,0
DATA,0,0,301,0,0,-0.00000,0,0,7430656,0
DATA,0,0,301,0,0,-0.00000,0,0,7437824,0
DATA,0,0,301,0,0,-0.00000,0,0,7445248,0
DATA,0,0,301,0,0,-0.00000,0,0,7452672,0
DATA,0,0,301,0,0,-0.00000,0,0,7459840,0
DATA,0,0,301,0,0,-0.00000,0,0,7467264,0
DATA,0,0,301,0,0,-0.00000,0,0,7474688,0
DATA,0,0,301,0,0,-0.00000,0,0,7481856,0
DATA,0,0,301,0,0,-0.00000,0,0,7489280,0
DATA,0,0,301,0,0,-0.00000,0,0,7496704,0
DATA,0,0,301,0,0,-0.00000,0,0,7503872,0
DATA,0,0,301,0,0,-0.00000,0,0,7511296,0
DATA,0,0,301,0,0,-0.00000,0,0,7518464,0
DATA,0,0,301,0,0,-0.00000,0,0,7525888,0
DATA,0,0,301,0,0,-0.00000,0,0,7533312,0
DATA,0,0,301,0,0,-0.00000,0,0,7540736,0
DATA,0,0,301,0,0,-0.00000,0,0,7547904,0
DATA,0,0,301,0,0,-0.00000,0,0,7555328,0
DATA,0,0,301,0,0,-0.00000,0,0,7562752,0
DATA,0,0,301,0,0,-0.00000,0,0,7569920,0
DATA,0,0,301,0,0,-0.00000,0,0,7577344,0
DATA,0,0,301,0,0,-0.00000,0,0,7584512,0
DATA,0,0,301,0,0,-0.00000,0,0,7591936,0
DATA,0,0,301,0,0,-0.00000,0,0,7599360,0
DATA,0,0,301,0,0,-0.00000,0,0,7606528,0
DATA,0,0,301,0,0,-0.00000,0,0,7613952,0
DATA,0,0,301,0,0,-0.00000,0,0,7621376,0
DATA,0,0,301,0,0,-0.00000,0,0,7628544,0
DATA,0,0,301,0,0,-0.00000,0,0,7635968,0
DATA,0,0,301,0,0,-0.00000,0,0,7643392,0
DATA,0,0,301,0,0,-0.00000,0,0,7650560,0
DATA,0,0,301,0,0,-0.00000,0,0,7657984,0
DATA,0,0,301,0,0,-0.00000,0,0,7665408,0
DATA,0,0,301,0,0,-0.00000,0,0,7672576,0
DATA,0,0,301,0,0,-0.00000,0,0,7680000,0
DATA,0,0,301,0,0,-0.00000,0,0,7687424,0
DATA,0,0,301,0,0,-0.00000,0,0,7694592,0
DATA,0,0,301,0,0,-0.00000,0,0,7702016,0
DATA,0,0,301,0,0,-0.00000,0,0,7709440,0
DATA,0,0,301,0,0,-0.00000,0,0,7716608,0
DATA,0,0,301,0,0,-0.00000,0,0,7724032,0
DATA,0,0,301,0,0,-0.00000,0,0,7731456,0
DATA,0,0,301,0,0,-0.00000,0,0,7738624,0
DATA,0,0,301,0,0,-0.00000,0,0,7746048,0
DATA,0,0,301,0,0,-0.00000,0,0,7753472,0
DATA,0,0,301,0,0,-0.00000,0,0,7760640,0
DATA,0,0,301,0,0,-0.00000,0,0,7768064,0
DATA,0,0,301,0,0,-0.00000,0,0,7775488,0
DATA,0,0,301,0,0,-0.00000,0,0,7782656,0
DATA,0,0,301,0,0,-0.00000,0,0,7790080,0
DATA,0,0,301,0,0,-0.00000,0,0,7797504,0
DATA,0,0,301,0,0,-0.00000,0,0,7804672,0
DATA,0,0,301,0,0,-0.00000,0,0,7812096,0
DATA,0,0,301,0,0,-0.00000,0,0,7819520,0
DATA,0,0,301,0,0,-0.00000,0,0,7826688,0
DATA,0,0,301,0,0,-0.00000,0,0,7834112,0
DATA,0,0,301,0,0,-0.00000,0,0,7841536,0
DATA,0,0,301,0,0,-0.00000,0,0,7848704,0
DATA,0,0,301,0,0,-0.00000,0,0,7856128,0
DATA,0,0,301,0,0,-0.00000,0,0,7863296,0
DATA,0,0,301,0,0,-0.00000,0,0,7870720,0
DATA,0,0,301,0,0,-0.00000,0,0,7878144,0
DATA,0,0,301,0,0,-0.00000,0,0,7885312,0
DATA,0,0,301,0,0,-0.00000,0,0,7892736,0
DATA,0,0,301,0,0,-0.00000,0,0,7900160,0
DATA,0,0,301,0,0,-0.00000,0,0,7907328,0
DATA,0,0,301,0,0,-0.00000,0,0,7914752,0
DATA,0,0,301,0,0,-0.00000,0,0,7922176,0
DATA,0,0,301,0,0,-0.00000,0,0,7929344,0
DATA,0,0,301,0,0,-0.00000,0,0,7936768,0
DATA,0,0,301,0,0,-0.00000,0,0,7944192,0
DATA,0,0,301,0,0,-0.00000,0,0,7951360,0
DATA,0,0,301,0,0,-0.00000,0,0,7958784,0
DATA,0,0,301,0,0,-0.00000,0,0,7966208,0
DATA,0,0,301,0,0,-0.00000,0,0,7973376,0
DATA,0,0,301,0,0,-0.00000,0,0,7980800,0
DATA,0,0,301,0,0,-0.00000,0,0,7988224,0
DATA,0,0,301,0,0,-0.00000,0,0,7995392,0
DATA,0,0,301,0,0,-0.00000,0,0,8002816,0
DATA,0,0,301,0,0,-0.00000,0,0,8010240,0
DATA,0,0,301,0,0,-0.00000,0,0,8017408,0
DATA,0,0,301,0,0,-0.00000,0,0,8024832,0
DATA,0,0,301,0,0,-0.00000,0,0,8032256,0
DATA,0,0,301,0,0,-0.00000,0,0,8039424,0
DATA,0,0,301,0,0,-0.00000,0,0,8046848,0
DATA,0,0,301,0,0,-0.00000,0,0,8054272,0
DATA,0,0,301,0,0,-0.00000,0,0,8061440,0
DATA,0,0,301,0,0,-0.00000,0,0,8068864,0
DATA,0,0,301,0,0,-0.00000,0,0,8076288,0
DATA,0,0,301,0,0,-0.00000,0,0,8083456,0
DATA,0,0,301,0,0,-0.00000,0,0,8090880,0
DATA,0,0,301,0,0,-0.00000,0,0,8098304,0
DATA,0,0,301,0,0,-0.00000,0,0,8105472,0
DATA,0,0,301,0,0,-0.00000,0,0,8112896,0
DATA,0,0,301,0,0,-0.00000,0,0,8120320,0
DATA,0,0,301,0,0,-0.00000,0,0,8127488,0
DATA,0,0,301,0,0,-0.00000,0,0,8134912,0
DATA,0,0,301,0,0,-0.00000,0,0,8142336,0
DATA,0,0,301,0,0,-0.00000,0,0,8149504,0
DATA,0,0,301,0,0,-0.00000,0,0,8156928,0
DATA,0,0,301,0,0,-0.00000,0,0,8164352,0
DATA,0,0,301,0,0,-0.00000,0,0,8171520,0
DATA,0,0,301,0,0,-0.00000,0,0,8178944,0
DATA,0,0,301,0,0,-0.00000,0,0,8186368,0
DATA,0,0,301,0,0,-0.00000,0,0,8193536,0
DATA,0,0,301,0,0,-0.00000,0,0,8200960,0
DATA,0,0,301,0,0,-0.00000,0,0,8208384,0
DATA,0,0,301,0,0,-0.00000,0,0,8215552,0
DATA,0,0,301,0,0,-0.00000,0,0,8222976,0
DATA,0,0,301,0,0,-0.00000,0,0,8230400,0
DATA,0,0,301,0,0,-0.00000,0,0,8237568,0
DATA,0,0,301,0,0,-0.00000,0,0,8244992,0
DATA,0,0,301,0,0,-0.00000,0,0,8252416,0
DATA,0,0,301,0,0,-0.00000,0,0,8259584,0
DATA,0,0,301,0,0,-0.00000,0,0,8267008,0
