DATA,0,0,0,0,0,0.00000,0,0,7297024,0
DATA,0,0,0,0,0,0.00000,0,0,7303936,0
DATA,0,0,0,0,0,0.00000,0,0,7311104,0
DATA,0,0,0,0,0,0.00000,0,0,7318528,0
DATA,0,0,0,0,0,0.00000,0,0,7325696,0
DATA,0,0,0,0,0,0.00000,0,0,7333120,0
RESULT failures=0 reads=7388416 errors=0 stale=1058 uninitialized=7346692 pio0_free=1 pio1_free=1
DATA,0,0,301,0,0,-0.00000,0,0,7388416,0
DATA,0,0,301,0,0,-0.00000,0,0,7395584,0
DATA,0,0,301,0,0,-0.00000,0,0,7402752,0
DATA,0,0,301,0,0,-0.00000,0,0,7410176,0
DATA,0,0,301,0,0,-0.00000,0,0,7417600,0
DATA,0,0,301,0,0,-0.00000,0,0,7424768,0
DATA,0,0,301,0,0,-0.00000,0,0,7432192,0
DATA,0,0,301,0,0,-0.00000,0,0,7439360,0
DATA,0,0,301,0,0,-0.00000,0,0,7446784,0
DATA,0,0,301,0,0,-0.00000,0,0,7454208,0
DATA,0,0,301,0,0,-0.00000,0,0,7461376,0
DATA,0,0,301,0,0,-0.00000,0,0,7468800,0
DATA,0,0,301,0,0,-0.00000,0,0,7475968,0
DATA,0,0,301,0,0,-0.00000,0,0,7483392,0
DATA,0,0,301,0,0,-0.00000,0,0,7490816,0
DATA,0,0,301,0,0,-0.00000,0,0,7497984,0
DATA,0,0,301,0,0,-0.00000,0,0,7505408,0
DATA,0,0,301,0,0,-0.00000,0,0,7512832,0
DATA,0,0,301,0,0,-0.00000,0,0,7520000,0
DATA,0,0,301,0,0,-0.00000,0,0,7527424,0
DATA,0,0,301,0,0,-0.00000,0,0,7534592,0
DATA,0,0,301,0,0,-0.00000,0,0,7542016,0
DATA,0,0,301,0,0,-0.00000,0,0,7549440,0
DATA,0,0,301,0,0,-0.00000,0,0,7556608,0
DATA,0,0,301,0,0,-0.00000,0,0,7564032,0
DATA,0,0,301,0,0,-0.00000,0,0,7571200,0
DATA,0,0,301,0,0,-0.00000,0,0,7578624,0
DATA,0,0,301,0,0,-0.00000,0,0,7586048,0
DATA,0,0,301,0,0,-0.00000,0,0,7593216,0
DATA,0,0,301,0,0,-0.00000,0,0,7600640,0
DATA,0,0,301,0,0,-0.00000,0,0,7607808,0
DATA,0,0,301,0,0,-0.00000,0,0,7615232,0
DATA,0,0,301,0,0,-0.00000,0,0,7622656,0
DATA,0,0,301,0,0,-0.00000,0,0,7629824,0
DATA,0,0,301,0,0,-0.00000,0,0,7637248,0
DATA,0,0,301,0,0,-0.00000,0,0,7644416,0
DATA,0,0,301,0,0,-0.00000,0,0,7651840,0
DATA,0,0,301,0,0,-0.00000,0,0,7659264,0
DATA,0,0,301,0,0,-0.00000,0,0,7666432,0
DATA,0,0,301,0,0,-0.00000,0,0,7673856,0
DATA,0,0,301,0,0,-0.00000,0,0,7681280,0
DATA,0,0,301,0,0,-0.00000,0,0,7688448,0
DATA,0,0,301,0,0,-0.00000,0,0,7695872,0
DATA,0,0,301,0,0,-0.00000,0,0,7703040,0
DATA,0,0,301,0,0,-0.00000,0,0,7710464,0
DATA,0,0,301,0,0,-0.00000,0,0,7717888,0
DATA,0,0,301,0,0,-0.00000,0,0,7725056,0
DATA,0,0,301,0,0,-0.00000,0,0,7732480,0
DATA,0,0,301,0,0,-0.00000,0,0,7739648,0
DATA,0,0,301,0,0,-0.00000,0,0,7747072,0
DATA,0,0,301,0,0,-0.00000,0,0,7754496,0
DATA,0,0,301,0,0,-0.00000,0,0,7761664,0
DATA,0,0,301,0,0,-0.00000,0,0,7769088,0
DATA,0,0,301,0,0,-0.00000,0,0,7776256,0
DATA,0,0,301,0,0,-0.00000,0,0,7783680,0
DATA,0,0,301,0,0,-0.00000,0,0,7791104,0
DATA,0,0,301,0,0,-0.00000,0,0,7798272,0
DATA,0,0,301,0,0,-0.00000,0,0,7805696,0
DATA,0,0,301,0,0,-0.00000,0,0,7813120,0
DATA,0,0,301,0,0,-0.00000,0,0,7820288,0
DATA,0,0,301,0,0,-0.00000,0,0,7827712,0
DATA,0,0,301,0,0,-0.00000,0,0,7834880,0
DATA,0,0,301,0,0,-0.00000,0,0,7842304,0
DATA,0,0,301,0,0,-0.00000,0,0,7849728,0
DATA,0,0,301,0,0,-0.00000,0,0,7856896,0
DATA,0,0,301,0,0,-0.00000,0,0,7864320,0
DATA,0,0,301,0,0,-0.00000,0,0,7871488,0
DATA,0,0,301,0,0,-0.00000,0,0,7878912,0
DATA,0,0,301,0,0,-0.00000,0,0,7886336,0
DATA,0,0,301,0,0,-0.00000,0,0,7893504,0
DATA,0,0,301,0,0,-0.00000,0,0,7900928,0
DATA,0,0,301,0,0,-0.00000,0,0,7908096,0
DATA,0,0,301,0,0,-0.00000,0,0,7915520,0
DATA,0,0,301,0,0,-0.00000,0,0,7922944,0
DATA,0,0,301,0,0,-0.00000,0,0,7930112,0
DATA,0,0,301,0,0,-0.00000,0,0,7937536,0
DATA,0,0,301,0,0,-0.00000,0,0,7944960,0
DATA,0,0,301,0,0,-0.00000,0,0,7952128,0
DATA,0,0,301,0,0,-0.00000,0,0,7959552,0
DATA,0,0,301,0,0,-0.00000,0,0,7966720,0
DATA,0,0,301,0,0,-0.00000,0,0,7974144,0
DATA,0,0,301,0,0,-0.00000,0,0,7981568,0
DATA,0,0,301,0,0,-0.00000,0,0,7988736,0
DATA,0,0,301,0,0,-0.00000,0,0,7996160,0
DATA,0,0,301,0,0,-0.00000,0,0,8003328,0
DATA,0,0,301,0,0,-0.00000,0,0,8010752,0
DATA,0,0,301,0,0,-0.00000,0,0,8018176,0
DATA,0,0,301,0,0,-0.00000,0,0,8025344,0
DATA,0,0,301,0,0,-0.00000,0,0,8032768,0
DATA,0,0,301,0,0,-0.00000,0,0,8040192,0
DATA,0,0,301,0,0,-0.00000,0,0,8047360,0
DATA,0,0,301,0,0,-0.00000,0,0,8054784,0
DATA,0,0,301,0,0,-0.00000,0,0,8061952,0
DATA,0,0,301,0,0,-0.00000,0,0,8069376,0
DATA,0,0,301,0,0,-0.00000,0,0,8076800,0
DATA,0,0,301,0,0,-0.00000,0,0,8083968,0
DATA,0,0,301,0,0,-0.00000,0,0,8091392,0
DATA,0,0,301,0,0,-0.00000,0,0,8098560,0
DATA,0,0,301,0,0,-0.00000,0,0,8105984,0
DATA,0,0,301,0,0,-0.00000,0,0,8113408,0
DATA,0,0,301,0,0,-0.00000,0,0,8120576,0
DATA,0,0,301,0,0,-0.00000,0,0,8128000,0
DATA,0,0,301,0,0,-0.00000,0,0,8135168,0
DATA,0,0,301,0,0,-0.00000,0,0,8142592,0
DATA,0,0,301,0,0,-0.00000,0,0,8150016,0
DATA,0,0,301,0,0,-0.00000,0,0,8157184,0
DATA,0,0,301,0,0,-0.00000,0,0,8164608,0
DATA,0,0,301,0,0,-0.00000,0,0,8172032,0
DATA,0,0,301,0,0,-0.00000,0,0,8179200,0
DATA,0,0,301,0,0,-0.00000,0,0,8186624,0
DATA,0,0,301,0,0,-0.00000,0,0,8193792,0
DATA,0,0,301,0,0,-0.00000,0,0,8201216,0
DATA,0,0,301,0,0,-0.00000,0,0,8208640,0
DATA,0,0,301,0,0,-0.00000,0,0,8215808,0
DATA,0,0,301,0,0,-0.00000,0,0,8223232,0
DATA,0,0,301,0,0,-0.00000,0,0,8230400,0
DATA,0,0,301,0,0,-0.00000,0,0,8237824,0
DATA,0,0,301,0,0,-0.00000,0,0,8245248,0
DATA,0,0,301,0,0,-0.00000,0,0,8252416,0
DATA,0,0,301,0,0,-0.00000,0,0,8259840,0
DATA,0,0,301,0,0,-0.00000,0,0,8267008,0
DATA,0,0,301,0,0,-0.00000,0,0,8274432,0
DATA,0,0,301,0,0,-0.00000,0,0,8281856,0
DATA,0,0,301,0,0,-0.00000,0,0,8289024,0
DATA,0,0,301,0,0,-0.00000,0,0,8296448,0
DATA,0,0,301,0,0,-0.00000,0,0,8303872,0
DATA,0,0,301,0,0,-0.00000,0,0,8311040,0
DATA,0,0,301,0,0,-0.00000,0,0,8318464,0
DATA,0,0,301,0,0,-0.00000,0,0,8325632,0
DATA,0,0,301,0,0,-0.00000,0,0,8333056,0
DATA,0,0,301,0,0,-0.00000,0,0,8340480,0
DATA,0,0,301,0,0,-0.00000,0,0,8347648,0
DATA,0,0,301,0,0,-0.00000,0,0,8355072,0
DATA,0,0,301,0,0,-0.00000,0,0,8362240,0
DATA,0,0,301,0,0,-0.00000,0,0,8369664,0
DATA,0,0,301,0,0,-0.00000,0,0,8377088,0
DATA,0,0,301,0,0,-0.00000,0,0,8384256,0
DATA,0,0,301,0,0,-0.00000,0,0,8391680,0
BUS 24.144 V
DATA,22838344,22830220,313,11,672,-0.00000,3000,5,8398336,0
DATA,22858349,22850349,333,60,3849,2481.87500,3000,3,8404992,0
DATA,22878345,22870347,353,110,7049,2502.73438,3000,3,8411648,0
DATA,22898348,22890345,373,160,10249,2505.00000,3000,3,8418048,0
DATA,22918349,22910345,393,210,13458,2517.09375,3000,3,8424704,0
DATA,22938348,22930348,413,261,16675,2530.09375,3000,3,8431104,0
DATA,22958345,22950349,433,311,19898,2496.73438,3000,3,8437760,0
DATA,22978346,22970346,453,361,23099,2490.53125,3000,3,8444416,0
DATA,22998346,22990347,473,411,26303,2501.98438,3000,3,8451072,0
DATA,23018344,23010349,493,461,29523,2525.75000,3000,3,8457472,0
DATA,23038344,23030347,513,512,32737,2499.48438,3000,3,8464128,0
DATA,23058347,23050348,533,562,35941,2505.50000,3000,3,8470784,0
DATA,23078344,23070347,553,612,39153,2517.85938,3000,3,8477184,0
DATA,23098344,23090349,573,662,42376,2532.40625,3000,3,8483840,0
DATA,23118347,23110348,593,712,45600,2515.82812,3000,3,8490496,0
DATA,23138348,23130347,613,762,48800,2496.60938,3000,3,8496896,0
DATA,23158348,23150348,633,813,52004,2502.98438,3000,3,8503552,0
DATA,23178346,23170349,653,863,55218,2521.92188,3000,3,8509952,0
DATA,23198348,23190344,673,913,58433,2506.50000,3000,3,8516608,0
DATA,23218347,23210348,693,963,61637,2490.01562,3000,3,8523264,0
DATA,23238347,23230349,713,1013,64847,2503.48438,3000,3,8529664,0
DATA,23258345,23250345,733,1064,68077,2525.98438,3000,3,8536320,0
DATA,23278347,23270349,753,1114,71302,2517.34375,3000,3,8542976,0
DATA,23298348,23290345,773,1164,74508,2506.00000,3000,3,8549376,0
DATA,23318348,23310346,793,1214,77709,2512.81250,3000,3,8556032,0
DATA,23338348,23330346,813,1264,80928,2540.64062,3000,3,8562688,0
DATA,23358346,23350347,833,1315,84138,2508.92188,3000,3,8569344,0
DATA,23378347,23370348,853,1365,87346,2491.51562,3000,3,8575744,0
DATA,23398348,23390344,873,1415,90556,2499.48438,3000,3,8582400,0
DATA,23418345,23410345,893,1465,93782,2519.89062,3000,3,8588800,0
DATA,23438344,23430347,913,1516,97013,2514.73438,3000,3,8595456,0
DATA,23458345,23450347,933,1566,100217,2505.25000,3000,3,8602112,0
DATA,23478346,23470347,953,1616,103425,2515.57812,3000,3,8608512,0
DATA,23498345,23490346,973,1666,106640,2532.90625,3000,3,8615168,0
DATA,23518347,23510348,993,1716,109856,2520.40625,3000,3,8621824,0
DATA,23538347,23530345,1013,1767,113059,2493.50000,3000,3,8628224,0
DATA,23558344,23550349,1033,1817,116269,2498.48438,3000,3,8634880,0
DATA,23578348,23570346,1053,1867,119495,2517.60938,3000,3,8641536,0
DATA,23598349,23590348,1073,1918,122725,2511.53125,3000,3,8647936,0
DATA,23618349,23610344,1093,1968,125931,2505.50000,3000,3,8654592,0
DATA,23638344,23630347,1113,2018,129132,2510.53125,3000,3,8661248,0
DATA,23658345,23650349,1133,2068,132349,2535.23438,3000,3,8667904,0
DATA,23678344,23670346,1153,2118,135563,2514.06250,3000,3,8674304,0
DATA,23698344,23690344,1173,2168,138772,2503.23438,3000,3,8680960,0
DATA,23718344,23710345,1193,2218,141983,2509.53125,3000,3,8687616,0
DATA,23738349,23730344,1213,2269,145205,2518.87500,3000,3,8694016,0
DATA,23758347,23750348,1233,2319,148431,2514.31250,3000,3,8700672,0
DATA,23778345,23770347,1253,2369,151637,2493.50000,3000,3,8707328,0
DATA,23798345,23790345,1273,2419,154840,2496.00000,3000,3,8713984,0
DATA,23818346,23810349,1293,2470,158061,2528.81250,3000,3,8720384,0
DATA,23838344,23830347,1313,2520,161282,2517.85938,3000,3,8727040,0
DATA,23858349,23850347,1333,2570,164487,2497.73438,3000,3,8733696,0
DATA,23878347,23870347,1353,2620,167699,2509.01562,3000,3,8740096,0
DATA,23898344,23890345,1373,2671,170917,2526.46875,3000,3,8746752,0
DATA,23918347,23910348,1393,2721,174143,2518.35938,3000,3,8753408,0
DATA,23938348,23930345,1413,2771,177350,2490.53125,3000,3,8759808,0
DATA,23958344,23950345,1433,2821,180553,2497.73438,3000,3,8766464,0
DATA,23978348,23970347,1453,2871,183767,2517.85938,3000,3,8773120,0
DATA,23998349,23990347,1473,2922,186988,2509.62500,3000,3,8779776,0
DATA,24018348,24010346,1493,2972,190199,2500.73438,3000,3,8786176,0
DATA,24038347,24030345,1513,3022,193405,2502.23438,3000,3,8792832,0
DATA,24058347,24050347,1533,3072,196631,2535.23438,3000,3,8799232,0
DATA,24078348,24070347,1553,3123,199849,2527.68750,3000,3,8805888,0
DATA,24098348,24090344,1573,3173,203057,2493.25000,3000,3,8812544,0
DATA,24118348,24110344,1593,3223,206257,2493.50000,3000,3,8819200,0
DATA,24138348,24130346,1613,3273,209477,2519.89062,3000,3,8825600,0
DATA,24158347,24150347,1633,3323,212691,2506.50000,3000,3,8832256,0
DATA,24178347,24170349,1653,3374,215907,2488.04688,3000,3,8838912,0
DATA,24198347,24190348,1673,3424,219118,2502.73438,3000,3,8845312,0
DATA,24218344,24210346,1693,3474,222338,2533.17188,3000,3,8851968,0
DATA,24238349,24230344,1713,3524,225565,2539.34375,3000,3,8858624,0
DATA,24258348,24250347,1733,3575,228769,2509.01562,3000,3,8865024,0
DATA,24278347,24270344,1753,3625,231974,2497.23438,3000,3,8871680,0
DATA,24298349,24290346,1773,3675,235190,2511.03125,3000,3,8878080,0
DATA,24318347,24310344,1793,3725,238405,2511.03125,3000,3,8884736,0
DATA,24338346,24330349,1813,3775,241619,2489.78125,3000,3,8891392,0
DATA,24358348,24350348,1833,3826,244832,2490.53125,3000,3,8898048,0
DATA,24378346,24370351,1853,3876,248051,2528.56250,3000,3,8904448,0
DATA,24398349,24390346,1873,3926,251275,2539.34375,3000,3,8911104,0
DATA,24418349,24410346,1893,3976,254484,2511.03125,3000,3,8917760,0
DATA,24438344,24430348,1913,4026,257684,2504.48438,3000,3,8924416,0
DATA,24458346,24450348,1933,4076,260896,2519.12500,3000,3,8930816,0
DATA,24478345,24470348,1953,4127,264104,2507.50000,3000,3,8937472,0
DATA,24498348,24490346,1973,4177,267319,2489.03125,3000,3,8944128,0
DATA,24518344,24510348,1993,4227,270527,2492.25000,3000,3,8950528,0
DATA,24538345,24530346,2013,4277,273749,2519.12500,3000,3,8957184,0
DATA,24558344,24550347,2033,4328,276980,2536.07812,3000,3,8963840,0
DATA,24578345,24570347,2053,4378,280189,2513.31250,3000,3,8970240,0
DATA,24598345,24590346,2073,4428,283395,2505.73438,3000,3,8976896,0
DATA,24618346,24610344,2093,4478,286608,2519.64062,3000,3,8983552,0
RUN samples=1800 speed_updates=179 position_between_speed=1619 max_update_us=144 late=0
DATA,0,0,2105,0,0,-0.00000,0,0,8990208,0
DATA,0,0,2105,0,0,-0.00000,0,0,8997376,0
DATA,0,0,2105,0,0,-0.00000,0,0,9004800,0
DATA,0,0,2105,0,0,-0.00000,0,0,9012224,0
DATA,0,0,2105,0,0,-0.00000,0,0,9019392,0
DATA,0,0,2105,0,0,-0.00000,0,0,9026816,0
DATA,0,0,2105,0,0,-0.00000,0,0,9033984,0
DATA,0,0,2105,0,0,-0.00000,0,0,9041408,0
DATA,0,0,2105,0,0,-0.00000,0,0,9048832,0
DATA,0,0,2105,0,0,-0.00000,0,0,9056000,0
DATA,0,0,2105,0,0,-0.00000,0,0,9063424,0
DATA,0,0,2105,0,0,-0.00000,0,0,9070592,0
DATA,0,0,2105,0,0,-0.00000,0,0,9078016,0
DATA,0,0,2105,0,0,-0.00000,0,0,9085440,0
DATA,0,0,2105,0,0,-0.00000,0,0,9092608,0
DATA,0,0,2105,0,0,-0.00000,0,0,9100032,0
DATA,0,0,2105,0,0,-0.00000,0,0,9107456,0
DATA,0,0,2105,0,0,-0.00000,0,0,9114624,0
DATA,0,0,2105,0,0,-0.00000,0,0,9122048,0
DATA,0,0,2105,0,0,-0.00000,0,0,9129216,0
DATA,0,0,2105,0,0,-0.00000,0,0,9136640,0
DATA,0,0,2105,0,0,-0.00000,0,0,9144064,0
DATA,0,0,2105,0,0,-0.00000,0,0,9151232,0
DATA,0,0,2105,0,0,-0.00000,0,0,9158656,0
DATA,0,0,2105,0,0,-0.00000,0,0,9165824,0
DATA,0,0,2105,0,0,-0.00000,0,0,9173248,0
DATA,0,0,2105,0,0,-0.00000,0,0,9180672,0
DATA,0,0,2105,0,0,-0.00000,0,0,9187840,0
DATA,0,0,2105,0,0,-0.00000,0,0,9195264,0
DATA,0,0,2105,0,0,-0.00000,0,0,9202432,0
DATA,0,0,2105,0,0,-0.00000,0,0,9209856,0
DATA,0,0,2105,0,0,-0.00000,0,0,9217280,0
DATA,0,0,2105,0,0,-0.00000,0,0,9224448,0
DATA,0,0,2105,0,0,-0.00000,0,0,9231872,0
DATA,0,0,2105,0,0,-0.00000,0,0,9239040,0
DATA,0,0,2105,0,0,-0.00000,0,0,9246464,0
DATA,0,0,2105,0,0,-0.00000,0,0,9253888,0
DATA,0,0,2105,0,0,-0.00000,0,0,9261056,0
DATA,0,0,2105,0,0,-0.00000,0,0,9268480,0
DATA,0,0,2105,0,0,-0.00000,0,0,9275904,0
DATA,0,0,2105,0,0,-0.00000,0,0,9283072,0
DATA,0,0,2105,0,0,-0.00000,0,0,9290496,0
DATA,0,0,2105,0,0,-0.00000,0,0,9297664,0
DATA,0,0,2105,0,0,-0.00000,0,0,9305088,0
DATA,0,0,2105,0,0,-0.00000,0,0,9312512,0
DATA,0,0,2105,0,0,-0.00000,0,0,9319680,0
DATA,0,0,2105,0,0,-0.00000,0,0,9327104,0
DATA,0,0,2105,0,0,-0.00000,0,0,9334272,0
DATA,0,0,2105,0,0,-0.00000,0,0,9341696,0
DATA,0,0,2105,0,0,-0.00000,0,0,9349120,0
BUS 24.140 V
DATA,25638868,25629758,2118,-13,-800,-0.00000,-3000,5,9355776,0
DATA,25658871,25649867,2138,-62,-3973,-2463.03125,-3000,3,9362432,0
DATA,25678871,25669866,2158,-113,-7202,-2531.62500,-3000,3,9368832,0
DATA,25698869,25689866,2178,-163,-10415,-2512.81250,-3000,3,9375488,0
DATA,25718870,25709871,2198,-213,-13612,-2478.17188,-3000,3,9382144,0
DATA,25738868,25729871,2218,-263,-16813,-2491.01562,-3000,3,9388544,0
DATA,25758867,25749866,2238,-313,-20023,-2506.75000,-3000,3,9395200,0
DATA,25778868,25769869,2258,-363,-23247,-2517.65625,-3000,3,9401856,0
DATA,25798867,25789867,2278,-414,-26470,-2512.81250,-3000,3,9408256,0
DATA,25818868,25809867,2298,-464,-29696,-2525.23438,-3000,3,9414912,0
DATA,25838868,25829867,2318,-514,-32919,-2529.57812,-3000,3,9421568,0
DATA,25858871,25849869,2338,-565,-36138,-2517.09375,-3000,3,9427968,0
DATA,25878867,25869868,2358,-615,-39336,-2479.40625,-3000,3,9434624,0
DATA,25898870,25889870,2378,-665,-42538,-2490.28125,-3000,3,9441280,0
DATA,25918869,25909869,2398,-715,-45747,-2502.50000,-3000,3,9447936,0
DATA,25938868,25929869,2418,-765,-48973,-2523.03125,-3000,3,9454336,0
DATA,25958869,25949870,2438,-816,-52199,-2520.90625,-3000,3,9460992,0
DATA,25978871,25969869,2458,-866,-55426,-2521.67188,-3000,3,9467648,0
DATA,25998867,25989871,2478,-916,-58651,-2530.60938,-3000,3,9474304,0
DATA,26018866,26009868,2498,-967,-61868,-2513.06250,-3000,3,9480704,0
DATA,26038868,26029866,2518,-1017,-65071,-2487.29688,-3000,3,9487360,0
DATA,26058868,26049870,2538,-1067,-68273,-2482.10938,-3000,3,9494016,0
DATA,26078871,26069867,2558,-1117,-71482,-2508.51562,-3000,3,9500416,0
DATA,26098868,26089867,2578,-1167,-74713,-2526.21875,-3000,3,9507072,0
DATA,26118871,26109870,2598,-1218,-77939,-2521.42188,-3000,3,9513728,0
DATA,26138870,26129866,2618,-1268,-81164,-2522.17188,-3000,3,9520128,0
DATA,26158868,26149867,2638,-1319,-84391,-2529.57812,-3000,3,9526784,0
DATA,26178868,26169868,2658,-1369,-87607,-2517.34375,-3000,3,9533440,0
DATA,26198868,26189867,2678,-1419,-90811,-2483.84375,-3000,3,9539840,0
DATA,26218870,26209867,2698,-1469,-94017,-2485.56250,-3000,3,9546496,0
DATA,26238871,26229871,2718,-1519,-97222,-2514.06250,-3000,3,9553152,0
DATA,26258868,26249870,2738,-1569,-100448,-2535.73438,-3000,3,9559808,0
DATA,26278871,26269868,2758,-1620,-103677,-2525.75000,-3000,3,9566208,0
DATA,26298869,26289866,2778,-1671,-106913,-2517.34375,-3000,3,9572864,0
DATA,26318867,26309867,2798,-1721,-110142,-2530.09375,-3000,3,9579520,0
DATA,26338869,26329867,2818,-1771,-113354,-2522.17188,-3000,3,9586176,0
DATA,26358869,26349866,2838,-1821,-116562,-2501.48438,-3000,3,9592576,0
DATA,26378869,26369869,2858,-1871,-119766,-2494.00000,-3000,3,9599232,0
DATA,26398868,26389870,2878,-1921,-122973,-2515.82812,-3000,3,9605888,0
DATA,26418871,26409868,2898,-1972,-126193,-2530.60938,-3000,3,9612288,0
DATA,26438871,26429869,2918,-2022,-129427,-2526.95312,-3000,3,9618944,0
DATA,26458867,26449867,2938,-2073,-132660,-2507.01562,-3000,3,9625600,0
DATA,26478870,26469868,2958,-2123,-135883,-2532.37500,-3000,3,9632000,0
DATA,26498868,26489867,2978,-2173,-139094,-2522.93750,-3000,3,9638656,0
DATA,26518872,26509866,2998,-2223,-142301,-2506.00000,-3000,3,9645312,0
DATA,26538870,26529867,3018,-2274,-145504,-2494.25000,-3000,3,9651712,0
DATA,26558869,26549868,3038,-2324,-148710,-2514.56250,-3000,3,9658368,0
DATA,26578869,26569870,3058,-2374,-151939,-2538.56250,-3000,3,9665024,0
DATA,26598866,26589872,3078,-2425,-155174,-2523.71875,-3000,3,9671680,0
DATA,26618868,26609869,3098,-2475,-158404,-2508.26562,-3000,3,9678336,0
DATA,26638869,26629871,3118,-2525,-161623,-2524.21875,-3000,3,9684736,0
DATA,26658868,26649868,3138,-2575,-164830,-2520.40625,-3000,3,9691392,0
DATA,26678869,26669867,3158,-2625,-168032,-2502.98438,-3000,3,9698048,0
DATA,26698870,26689871,3178,-2676,-171233,-2492.01562,-3000,3,9704448,0
DATA,26718867,26709870,3198,-2726,-174442,-2514.31250,-3000,3,9711104,0
DATA,26738869,26729868,3218,-2776,-177667,-2531.62500,-3000,3,9717760,0
DATA,26758867,26749870,3238,-2827,-180908,-2530.09375,-3000,3,9724416,0
DATA,26778866,26769869,3258,-2877,-184143,-2507.01562,-3000,3,9730816,0
DATA,26798868,26789866,3278,-2928,-187360,-2527.01562,-3000,3,9737472,0
DATA,26818870,26809870,3298,-2978,-190567,-2516.84375,-3000,3,9744128,0
DATA,26838869,26829871,3318,-3028,-193776,-2510.78125,-3000,3,9750528,0
DATA,26858866,26849871,3338,-3078,-196985,-2496.73438,-3000,3,9757184,0
DATA,26878867,26869867,3358,-3128,-200192,-2515.06250,-3000,3,9763840,0
DATA,26898870,26889871,3378,-3178,-203418,-2523.71875,-3000,3,9770496,0
DATA,26918866,26909868,3398,-3229,-206657,-2531.37500,-3000,3,9776896,0
DATA,26938870,26929867,3418,-3280,-209888,-2518.60938,-3000,3,9783552,0
DATA,26958870,26949869,3438,-3330,-213107,-2521.42188,-3000,3,9790208,0
DATA,26978868,26969871,3458,-3380,-216310,-2516.59375,-3000,3,9796608,0
DATA,26998867,26989869,3478,-3430,-219521,-2513.56250,-3000,3,9803264,0
DATA,27018870,27009870,3498,-3480,-222728,-2495.31250,-3000,3,9809920,0
DATA,27038870,27029870,3518,-3530,-225939,-2497.48438,-3000,3,9816576,0
DATA,27058866,27049867,3538,-3581,-229161,-2523.18750,-3000,3,9822976,0
DATA,27078869,27069867,3558,-3631,-232405,-2541.76562,-3000,3,9829632,0
DATA,27098867,27089870,3578,-3682,-235635,-2517.85938,-3000,3,9836288,0
DATA,27118871,27109868,3598,-3732,-238858,-2521.17188,-3000,3,9842688,0
DATA,27138867,27129870,3618,-3782,-242055,-2494.75000,-3000,3,9849344,0
DATA,27158867,27149869,3638,-3832,-245266,-2505.00000,-3000,3,9856000,0
DATA,27178870,27169870,3658,-3883,-248481,-2490.76562,-3000,3,9862400,0
DATA,27198868,27189867,3678,-3933,-251688,-2498.48438,-3000,3,9869056,0
DATA,27218867,27209867,3698,-3983,-254905,-2517.85938,-3000,3,9875712,0
DATA,27238868,27229868,3718,-4033,-258144,-2538.79688,-3000,3,9882112,0
DATA,27258871,27249868,3738,-4084,-261379,-2522.93750,-3000,3,9888768,0
DATA,27278870,27269867,3758,-4134,-264596,-2499.23438,-3000,3,9895424,0
DATA,27298871,27289866,3778,-4184,-267796,-2498.23438,-3000,3,9901824,0
DATA,27318870,27309871,3798,-4235,-271008,-2503.23438,-3000,3,9908480,0
DATA,27338867,27329871,3818,-4285,-274219,-2498.00000,-3000,3,9915136,0
DATA,27358867,27349869,3838,-4335,-277431,-2494.75000,-3000,3,9921792,0
DATA,27378869,27369871,3858,-4385,-280651,-2528.92188,-3000,3,9928192,0
DATA,27398867,27389868,3878,-4436,-283888,-2545.81250,-3000,3,9934848,0
DATA,27418867,27409868,3898,-4486,-287128,-2523.28125,-3000,3,9941504,0
RUN samples=1800 speed_updates=179 position_between_speed=1618 max_update_us=130 late=0
DATA,0,0,3909,0,0,-0.00000,0,0,9948160,0
DATA,0,0,3909,0,0,-0.00000,0,0,9955584,0
DATA,0,0,3909,0,0,-0.00000,0,0,9962752,0
DATA,0,0,3909,0,0,-0.00000,0,0,9970176,0
DATA,0,0,3909,0,0,-0.00000,0,0,9977344,0
DATA,0,0,3909,0,0,-0.00000,0,0,9984768,0
DATA,0,0,3909,0,0,-0.00000,0,0,9992192,0
DATA,0,0,3909,0,0,-0.00000,0,0,9999360,0
DATA,0,0,3909,0,0,-0.00000,0,0,10006784,0
DATA,0,0,3909,0,0,-0.00000,0,0,10013952,0
DATA,0,0,3909,0,0,-0.00000,0,0,10021376,0
DATA,0,0,3909,0,0,-0.00000,0,0,10028800,0
DATA,0,0,3909,0,0,-0.00000,0,0,10035968,0
DATA,0,0,3909,0,0,-0.00000,0,0,10043392,0
DATA,0,0,3909,0,0,-0.00000,0,0,10050816,0
DATA,0,0,3909,0,0,-0.00000,0,0,10057984,0
DATA,0,0,3909,0,0,-0.00000,0,0,10065408,0
DATA,0,0,3909,0,0,-0.00000,0,0,10072576,0
DATA,0,0,3909,0,0,-0.00000,0,0,10080000,0
DATA,0,0,3909,0,0,-0.00000,0,0,10087424,0
DATA,0,0,3909,0,0,-0.00000,0,0,10094592,0
DATA,0,0,3909,0,0,-0.00000,0,0,10102016,0
DATA,0,0,3909,0,0,-0.00000,0,0,10109184,0
DATA,0,0,3909,0,0,-0.00000,0,0,10116608,0
DATA,0,0,3909,0,0,-0.00000,0,0,10124032,0
DATA,0,0,3909,0,0,-0.00000,0,0,10131200,0
DATA,0,0,3909,0,0,-0.00000,0,0,10138624,0
DATA,0,0,3909,0,0,-0.00000,0,0,10145792,0
DATA,0,0,3909,0,0,-0.00000,0,0,10153216,0
DATA,0,0,3909,0,0,-0.00000,0,0,10160640,0
STOP brake=ON
DATA,0,0,3910,0,0,-0.00000,0,0,10167808,0
DATA,0,0,3910,0,0,-0.00000,0,0,10175232,0
DATA,0,0,3910,0,0,-0.00000,0,0,10182400,0
DATA,0,0,3910,0,0,-0.00000,0,0,10189824,0
DATA,0,0,3910,0,0,-0.00000,0,0,10197248,0
DATA,0,0,3910,0,0,-0.00000,0,0,10204416,0
DATA,0,0,3910,0,0,-0.00000,0,0,10211840,0
DATA,0,0,3910,0,0,-0.00000,0,0,10219008,0
DATA,0,0,3910,0,0,-0.00000,0,0,10226432,0
DATA,0,0,3910,0,0,-0.00000,0,0,10233856,0
DATA,0,0,3910,0,0,-0.00000,0,0,10241024,0
DATA,0,0,3910,0,0,-0.00000,0,0,10248448,0
DATA,0,0,3910,0,0,-0.00000,0,0,10255616,0
DATA,0,0,3910,0,0,-0.00000,0,0,10263040,0
DATA,0,0,3910,0,0,-0.00000,0,0,10270464,0
DATA,0,0,3910,0,0,-0.00000,0,0,10277632,0
DATA,0,0,3910,0,0,-0.00000,0,0,10285056,0
DATA,0,0,3910,0,0,-0.00000,0,0,10292480,0
DATA,0,0,3910,0,0,-0.00000,0,0,10299648,0
DATA,0,0,3910,0,0,-0.00000,0,0,10307072,0
DATA,0,0,3910,0,0,-0.00000,0,0,10314240,0
DATA,0,0,3910,0,0,-0.00000,0,0,10321664,0
DATA,0,0,3910,0,0,-0.00000,0,0,10329088,0
DATA,0,0,3910,0,0,-0.00000,0,0,10336256,0
DATA,0,0,3910,0,0,-0.00000,0,0,10343680,0
DATA,0,0,3910,0,0,-0.00000,0,0,10350848,0
DATA,0,0,3910,0,0,-0.00000,0,0,10358272,0
DATA,0,0,3910,0,0,-0.00000,0,0,10365696,0
DATA,0,0,3910,0,0,-0.00000,0,0,10372864,0
DATA,0,0,3910,0,0,-0.00000,0,0,10380288,0
DATA,0,0,3910,0,0,-0.00000,0,0,10387456,0
DATA,0,0,3910,0,0,-0.00000,0,0,10394880,0
DATA,0,0,3910,0,0,-0.00000,0,0,10402304,0
DATA,0,0,3910,0,0,-0.00000,0,0,10409472,0
DATA,0,0,3910,0,0,-0.00000,0,0,10416896,0
DATA,0,0,3910,0,0,-0.00000,0,0,10424320,0
DATA,0,0,3910,0,0,-0.00000,0,0,10431488,0
DATA,0,0,3910,0,0,-0.00000,0,0,10438912,0
DATA,0,0,3910,0,0,-0.00000,0,0,10446080,0
